// Jest Snapshot v1, https://goo.gl/fbAQLP

exports[`<DayItem /> renders correctly 1`] = `
<View
  accessibilityState={
    {
      "busy": undefined,
      "checked": undefined,
      "disabled": undefined,
      "expanded": undefined,
      "selected": undefined,
    }
  }
  accessibilityValue={
    {
      "max": undefined,
      "min": undefined,
      "now": undefined,
      "text": undefined,
    }
  }
  accessible={true}
  collapsable={false}
  focusable={true}
  onBlur={[Function]}
  onClick={[Function]}
  onFocus={[Function]}
  onResponderGrant={[Function]}
  onResponderMove={[Function]}
  onResponderRelease={[Function]}
  onResponderTerminate={[Function]}
  onResponderTerminationRequest={[Function]}
  onStartShouldSetResponder={[Function]}
  style={
    [
      {
        "borderRadius": 7,
        "marginBottom": 8,
        "paddingHorizontal": 6,
        "paddingVertical": 5,
      },
      {
        "backgroundColor": "#e5edf9",
      },
    ]
  }
>
  <Text
    style={
      [
        {
          "color": "#000",
        },
        {
          "textAlign": "center",
        },
      ]
    }
  />
</View>
`;
