// Jest Snapshot v1, https://goo.gl/fbAQLP

exports[`<Reflection /> renders correctly 1`] = `
<View
  style={
    [
      {
        "backgroundColor": "#fff",
      },
      undefined,
    ]
  }
>
  <View
    accessibilityState={
      {
        "busy": undefined,
        "checked": undefined,
        "disabled": undefined,
        "expanded": undefined,
        "selected": undefined,
      }
    }
    accessibilityValue={
      {
        "max": undefined,
        "min": undefined,
        "now": undefined,
        "text": undefined,
      }
    }
    accessible={true}
    collapsable={false}
    focusable={true}
    onBlur={[Function]}
    onClick={[Function]}
    onFocus={[Function]}
    onResponderGrant={[Function]}
    onResponderMove={[Function]}
    onResponderRelease={[Function]}
    onResponderTerminate={[Function]}
    onResponderTerminationRequest={[Function]}
    onStartShouldSetResponder={[Function]}
  >
    <Text
      style={
        [
          {
            "color": "#000",
          },
          undefined,
        ]
      }
    >
      PREV
    </Text>
  </View>
  <View
    accessibilityState={
      {
        "busy": undefined,
        "checked": undefined,
        "disabled": undefined,
        "expanded": undefined,
        "selected": undefined,
      }
    }
    accessibilityValue={
      {
        "max": undefined,
        "min": undefined,
        "now": undefined,
        "text": undefined,
      }
    }
    accessible={true}
    collapsable={false}
    focusable={true}
    onBlur={[Function]}
    onClick={[Function]}
    onFocus={[Function]}
    onResponderGrant={[Function]}
    onResponderMove={[Function]}
    onResponderRelease={[Function]}
    onResponderTerminate={[Function]}
    onResponderTerminationRequest={[Function]}
    onStartShouldSetResponder={[Function]}
  >
    <Text
      style={
        [
          {
            "color": "#000",
          },
          undefined,
        ]
      }
    >
      TODAY
    </Text>
  </View>
  <View
    accessibilityState={
      {
        "busy": undefined,
        "checked": undefined,
        "disabled": undefined,
        "expanded": undefined,
        "selected": undefined,
      }
    }
    accessibilityValue={
      {
        "max": undefined,
        "min": undefined,
        "now": undefined,
        "text": undefined,
      }
    }
    accessible={true}
    collapsable={false}
    focusable={true}
    onBlur={[Function]}
    onClick={[Function]}
    onFocus={[Function]}
    onResponderGrant={[Function]}
    onResponderMove={[Function]}
    onResponderRelease={[Function]}
    onResponderTerminate={[Function]}
    onResponderTerminationRequest={[Function]}
    onStartShouldSetResponder={[Function]}
  >
    <Text
      style={
        [
          {
            "color": "#000",
          },
          undefined,
        ]
      }
    >
      NEXT
    </Text>
  </View>
  <Text
    style={
      [
        {
          "color": "#000",
        },
        {
          "lineHeight": 20,
          "marginBottom": 10,
          "textAlign": "center",
        },
      ]
    }
  />
  <Text
    style={
      [
        {
          "color": "#000",
        },
        {
          "lineHeight": 20,
          "marginBottom": 10,
          "textAlign": "center",
        },
      ]
    }
  />
  <Text
    style={
      [
        {
          "color": "#000",
        },
        {
          "lineHeight": 20,
          "marginBottom": 10,
          "textAlign": "left",
        },
      ]
    }
  />
  <Text
    style={
      [
        {
          "color": "#000",
        },
        {
          "lineHeight": 20,
          "marginBottom": 10,
          "textAlign": "left",
        },
      ]
    }
  />
</View>
`;
