// Jest Snapshot v1, https://goo.gl/fbAQLP

exports[`<Step /> renders correctly 1`] = `
<Text
  style={
    [
      {
        "color": "#000",
      },
      undefined,
    ]
  }
>
  #
  : 
</Text>
`;
