// Jest Snapshot v1, https://goo.gl/fbAQLP

exports[`<Tradition /> renders correctly 1`] = `
<Text
  style={
    [
      {
        "color": "#000",
      },
      {
        "flexDirection": "row",
        "marginTop": 20,
      },
    ]
  }
>
  <Text
    style={
      [
        {
          "color": "#000",
        },
        [
          {
            "fontWeight": "200",
            "marginRight": 10,
          },
          {
            "fontSize": 24,
            "lineHeight": 34,
          },
        ],
      ]
    }
  >
      
  </Text>
  <Text
    style={
      [
        {
          "color": "#000",
        },
        [
          {
            "textAlign": "left",
          },
          {
            "fontSize": 24,
            "lineHeight": 34,
          },
        ],
      ]
    }
  />
</Text>
`;
