// Jest Snapshot v1, https://goo.gl/fbAQLP

exports[`<About /> renders correctly 1`] = `
<RCTScrollView
  contentContainerStyle={
    {
      "padding": 30,
    }
  }
  style={
    [
      {
        "backgroundColor": "#fff",
      },
      undefined,
    ]
  }
>
  <View>
    <Text />
    <Text
      style={
        [
          {
            "color": "#000",
          },
          [
            [
              {
                "marginBottom": 15,
                "textAlign": "center",
              },
              {
                "fontSize": 30,
              },
            ],
            {
              "fontFamily": "font-display",
            },
          ],
        ]
      }
    >
      About the app
    </Text>
    <Text
      style={
        [
          {
            "color": "#000",
          },
          [
            {
              "fontWeight": "200",
              "marginBottom": 20,
              "textAlign": "center",
            },
            {
              "fontSize": 27,
            },
          ],
        ]
      }
    >
      JustForToday version 
      1.0.3
    </Text>
    <View
      style={
        [
          {
            "backgroundColor": "#bdc3c7",
          },
          {
            "alignSelf": "center",
            "height": 1,
            "marginVertical": 20,
            "width": "70%",
          },
        ]
      }
    />
    <Text
      style={
        [
          {
            "color": "#000",
          },
          [
            {
              "marginTop": 20,
            },
            {
              "fontSize": 22,
              "lineHeight": 33,
            },
          ],
        ]
      }
    >
      Daily reflections, steps, and traditions with zero advertisements.
    </Text>
    <Text
      style={
        [
          {
            "color": "#000",
          },
          [
            {
              "marginTop": 20,
            },
            {
              "fontSize": 22,
              "lineHeight": 33,
            },
          ],
        ]
      }
    >
      Created to give people in the fellowship fast access to well known AA literature at the touch of a button.
    </Text>
    <Text
      style={
        [
          {
            "color": "#000",
          },
          [
            {
              "fontWeight": "500",
              "marginBottom": 10,
              "marginTop": 30,
              "textAlign": "left",
            },
            {
              "fontSize": 27,
            },
          ],
        ]
      }
    >
      Suggestions?
    </Text>
    <Text
      style={
        [
          {
            "color": "#000",
          },
          [
            {
              "marginTop": 20,
            },
            {
              "fontSize": 22,
              "lineHeight": 33,
            },
          ],
        ]
      }
    >
      If you have any suggestions or requests for features to improve the app you can send them to the team using the button below.
    </Text>
    <View
      accessibilityState={
        {
          "busy": undefined,
          "checked": undefined,
          "disabled": undefined,
          "expanded": undefined,
          "selected": undefined,
        }
      }
      accessibilityValue={
        {
          "max": undefined,
          "min": undefined,
          "now": undefined,
          "text": undefined,
        }
      }
      accessible={true}
      collapsable={false}
      focusable={true}
      onBlur={[Function]}
      onClick={[Function]}
      onFocus={[Function]}
      onResponderGrant={[Function]}
      onResponderMove={[Function]}
      onResponderRelease={[Function]}
      onResponderTerminate={[Function]}
      onResponderTerminationRequest={[Function]}
      onStartShouldSetResponder={[Function]}
      style={
        [
          {
            "borderRadius": 12,
            "marginBottom": 20,
            "marginTop": 40,
            "paddingVertical": 20,
          },
          {
            "backgroundColor": "#e5edf9",
          },
        ]
      }
    >
      <Text
        style={
          [
            {
              "color": "#000",
            },
            [
              {
                "textAlign": "center",
              },
              {
                "fontSize": 22,
                "lineHeight": 33,
              },
            ],
          ]
        }
      >
        Send email
      </Text>
    </View>
    <View
      style={
        [
          {
            "backgroundColor": "#bdc3c7",
          },
          {
            "alignSelf": "center",
            "height": 1,
            "marginVertical": 20,
            "width": "70%",
          },
        ]
      }
    />
    <Text
      style={
        [
          {
            "color": "#000",
          },
          [
            {
              "marginTop": 20,
            },
            {
              "textAlign": "center",
            },
            {
              "fontSize": 22,
              "lineHeight": 33,
            },
          ],
        ]
      }
    >
      All literature is taken with permission from
       
      <Text
        onPress={[Function]}
        style={
          [
            {
              "color": "#0074c1",
            },
            undefined,
          ]
        }
      >
        Alcoholics Anonymous World Services, Inc.
      </Text>
    </Text>
  </View>
</RCTScrollView>
`;
