// Jest Snapshot v1, https://goo.gl/fbAQLP

exports[`<Reflections /> renders correctly 1`] = `
<View
  style={
    [
      {
        "backgroundColor": "#fff",
      },
      {
        "alignItems": "center",
        "flex": 1,
        "justifyContent": "center",
      },
    ]
  }
>
  <Text
    style={
      [
        {
          "color": "#000",
        },
        [
          {
            "fontSize": 20,
          },
          {
            "fontFamily": "space-mono",
          },
        ],
      ]
    }
  >
    Reflections
  </Text>
</View>
`;
