// Jest Snapshot v1, https://goo.gl/fbAQLP

exports[`<Traditions /> renders correctly 1`] = `
<RCTScrollView
  contentContainerStyle={
    {
      "padding": 20,
    }
  }
  style={
    [
      {
        "backgroundColor": "#fff",
      },
      undefined,
    ]
  }
>
  <View>
    <View
      style={
        [
          {
            "backgroundColor": "#fff",
          },
          {
            "alignItems": "center",
            "flexDirection": "row",
            "justifyContent": "center",
            "marginTop": 10,
          },
        ]
      }
    >
      <Text />
      <Text
        style={
          [
            {
              "color": "#000",
            },
            [
              {
                "fontSize": 20,
                "marginLeft": 10,
              },
              {
                "fontFamily": "font-display",
              },
            ],
          ]
        }
      >
        Traditions
      </Text>
    </View>
    <View
      style={
        [
          {
            "backgroundColor": "#bdc3c7",
          },
          {
            "alignSelf": "center",
            "height": 1,
            "marginVertical": 20,
            "width": "70%",
          },
        ]
      }
    />
    <View
      style={
        [
          {
            "backgroundColor": "#fff",
          },
          {
            "flexDirection": "row",
            "gap": 20,
            "marginBottom": 20,
            "marginTop": 10,
          },
        ]
      }
    >
      <View
        accessibilityState={
          {
            "busy": undefined,
            "checked": undefined,
            "disabled": undefined,
            "expanded": undefined,
            "selected": undefined,
          }
        }
        accessibilityValue={
          {
            "max": undefined,
            "min": undefined,
            "now": undefined,
            "text": undefined,
          }
        }
        accessible={true}
        collapsable={false}
        focusable={true}
        onBlur={[Function]}
        onClick={[Function]}
        onFocus={[Function]}
        onResponderGrant={[Function]}
        onResponderMove={[Function]}
        onResponderRelease={[Function]}
        onResponderTerminate={[Function]}
        onResponderTerminationRequest={[Function]}
        onStartShouldSetResponder={[Function]}
        style={
          [
            {
              "borderRadius": 12,
              "flex": 1,
              "paddingVertical": 12,
            },
            {
              "backgroundColor": "#2b5b7b",
            },
          ]
        }
      >
        <Text
          style={
            [
              {
                "color": "#000",
              },
              [
                {
                  "fontSize": 15,
                  "lineHeight": 21,
                  "textAlign": "center",
                },
                {
                  "color": "#fff",
                },
              ],
            ]
          }
        >
          Short
        </Text>
      </View>
      <View
        accessibilityState={
          {
            "busy": undefined,
            "checked": undefined,
            "disabled": undefined,
            "expanded": undefined,
            "selected": undefined,
          }
        }
        accessibilityValue={
          {
            "max": undefined,
            "min": undefined,
            "now": undefined,
            "text": undefined,
          }
        }
        accessible={true}
        collapsable={false}
        focusable={true}
        onBlur={[Function]}
        onClick={[Function]}
        onFocus={[Function]}
        onResponderGrant={[Function]}
        onResponderMove={[Function]}
        onResponderRelease={[Function]}
        onResponderTerminate={[Function]}
        onResponderTerminationRequest={[Function]}
        onStartShouldSetResponder={[Function]}
        style={
          [
            {
              "borderRadius": 12,
              "flex": 1,
              "paddingVertical": 12,
            },
            {
              "backgroundColor": "#e5edf9",
            },
          ]
        }
      >
        <Text
          style={
            [
              {
                "color": "#000",
              },
              [
                {
                  "fontSize": 15,
                  "lineHeight": 21,
                  "textAlign": "center",
                },
                null,
              ],
            ]
          }
        >
          Long
        </Text>
      </View>
    </View>
    <Text
      style={
        [
          {
            "color": "#000",
          },
          {
            "flexDirection": "row",
            "marginBottom": 20,
          },
        ]
      }
    >
      <Text
        style={
          [
            {
              "color": "#000",
            },
            {
              "fontSize": 15,
              "fontWeight": "200",
              "lineHeight": 21,
              "marginRight": 10,
            },
          ]
        }
      >
        1
          
      </Text>
      <Text
        style={
          [
            {
              "color": "#000",
            },
            {
              "fontSize": 15,
              "lineHeight": 21,
              "textAlign": "left",
            },
          ]
        }
      >
        Short tradition 1
      </Text>
    </Text>
    <Text
      style={
        [
          {
            "color": "#000",
          },
          {
            "flexDirection": "row",
            "marginBottom": 20,
          },
        ]
      }
    >
      <Text
        style={
          [
            {
              "color": "#000",
            },
            {
              "fontSize": 15,
              "fontWeight": "200",
              "lineHeight": 21,
              "marginRight": 10,
            },
          ]
        }
      >
        2
          
      </Text>
      <Text
        style={
          [
            {
              "color": "#000",
            },
            {
              "fontSize": 15,
              "lineHeight": 21,
              "textAlign": "left",
            },
          ]
        }
      >
        Short tradition 2
      </Text>
    </Text>
  </View>
</RCTScrollView>
`;
